Copyright 1986-2017 Xilinx, Inc. All Rights Reserved.
----------------------------------------------------------------------------------------------
| Tool Version : Vivado v.2017.4 (win64) Build 2086221 Fri Dec 15 20:55:39 MST 2017
| Date         : Thu Jun 24 02:59:42 2021
| Host         : DESKTOP-2IQELU5 running 64-bit major release  (build 9200)
| Command      : report_control_sets -verbose -file mod_mul_with_oled_control_sets_placed.rpt
| Design       : mod_mul_with_oled
| Device       : xc7z020
----------------------------------------------------------------------------------------------

Control Set Information

Table of Contents
-----------------
1. Summary
2. Flip-Flop Distribution
3. Detailed Control Set Information

1. Summary
----------

+----------------------------------------------------------+-------+
|                          Status                          | Count |
+----------------------------------------------------------+-------+
| Number of unique control sets                            |    43 |
| Unused register locations in slices containing registers |   132 |
+----------------------------------------------------------+-------+


2. Flip-Flop Distribution
-------------------------

+--------------+-----------------------+------------------------+-----------------+--------------+
| Clock Enable | Synchronous Set/Reset | Asynchronous Set/Reset | Total Registers | Total Slices |
+--------------+-----------------------+------------------------+-----------------+--------------+
| No           | No                    | No                     |              19 |            9 |
| No           | No                    | Yes                    |               0 |            0 |
| No           | Yes                   | No                     |              49 |           16 |
| Yes          | No                    | No                     |             665 |          168 |
| Yes          | No                    | Yes                    |               0 |            0 |
| Yes          | Yes                   | No                     |             143 |           42 |
+--------------+-----------------------+------------------------+-----------------+--------------+


3. Detailed Control Set Information
-----------------------------------

+----------------+-----------------------------------------------------+-----------------------------------------------------------------+------------------+----------------+
|  Clock Signal  |                    Enable Signal                    |                         Set/Reset Signal                        | Slice Load Count | Bel Load Count |
+----------------+-----------------------------------------------------+-----------------------------------------------------------------+------------------+----------------+
|  clk_IBUF_BUFG | Initialize/temp_vdd_i_1_n_0                         |                                                                 |                1 |              1 |
|  clk_IBUF_BUFG | Initialize/temp_vbat_i_1_n_0                        |                                                                 |                1 |              1 |
|  clk_IBUF_BUFG | Initialize/spi_comp/current_state_n_0               | rst_IBUF                                                        |                1 |              3 |
|  clk_IBUF_BUFG | Drive_OLED_Screen/spi_comp/current_state_n_0        | rst_IBUF                                                        |                1 |              3 |
|  clk_IBUF_BUFG | Drive_OLED_Screen/temp_sdata[5]_i_1_n_0             | Drive_OLED_Screen/temp_sdata[7]_i_1_n_0                         |                1 |              4 |
|  clk_IBUF_BUFG | start                                               | rst_IBUF                                                        |                3 |              4 |
|  clk_IBUF_BUFG | Drive_OLED_Screen/after_char_state                  | Drive_OLED_Screen/temp_index[3]_i_1_n_0                         |                1 |              4 |
|  clk_IBUF_BUFG | Drive_OLED_Screen/after_page_state                  | Drive_OLED_Screen/after_page_state[1]_i_1_n_0                   |                2 |              4 |
|  clk_IBUF_BUFG | Initialize/E[0]                                     | rst_IBUF                                                        |                2 |              4 |
|  clk_IBUF_BUFG | Drive_OLED_Screen/temp_sdata[5]_i_1_n_0             |                                                                 |                2 |              4 |
|  clk_IBUF_BUFG |                                                     | rst_IBUF                                                        |                3 |              5 |
|  clk_IBUF_BUFG | Drive_OLED_Screen/g0_b0__0_n_0                      |                                                                 |                2 |              5 |
|  clk_IBUF_BUFG |                                                     | Drive_OLED_Screen/spi_comp/counter                              |                2 |              5 |
|  clk_IBUF_BUFG | Initialize/delay_comp/E[0]                          | rst_IBUF                                                        |                2 |              5 |
|  clk_IBUF_BUFG |                                                     | Initialize/spi_comp/counter                                     |                1 |              5 |
|  clk_IBUF_BUFG | Drive_OLED_Screen/spi_comp/temp_sdata               | Drive_OLED_Screen/spi_comp/FSM_onehot_current_state_reg_n_0_[0] |                2 |              5 |
|  clk_IBUF_BUFG | Drive_OLED_Screen/delay_comp/E[0]                   |                                                                 |                2 |              5 |
|  clk_IBUF_BUFG | Initialize/spi_comp/temp_sdata                      | Initialize/spi_comp/FSM_onehot_current_state_reg_n_0_[0]        |                2 |              5 |
|  clk_IBUF_BUFG | Initialize/g0_b0__2_n_0                             |                                                                 |                2 |              5 |
|  clk_IBUF_BUFG | Drive_OLED_Screen/after_char_state                  | Drive_OLED_Screen/temp_char[6]_i_1_n_0                          |                3 |              6 |
|  clk_IBUF_BUFG | Drive_OLED_Screen/spi_comp/shift_register           |                                                                 |                2 |              7 |
|  clk_IBUF_BUFG | Initialize/spi_comp/shift_register_0                |                                                                 |                2 |              7 |
|  clk_IBUF_BUFG | Initialize/g0_b0__3_n_0                             |                                                                 |                1 |              8 |
|  clk_IBUF_BUFG | Drive_OLED_Screen/g0_b0__1_n_0                      |                                                                 |                2 |             10 |
|  clk_IBUF_BUFG | Drive_OLED_Screen/delay_comp/clk_counter_i_1__0_n_0 | Drive_OLED_Screen/delay_comp/ms_counter[0]_i_1__0_n_0           |                3 |             12 |
|  clk_IBUF_BUFG | Initialize/delay_comp/clk_counter_i_1_n_0           | Initialize/delay_comp/ms_counter[0]_i_1_n_0                     |                3 |             12 |
|  clk_IBUF_BUFG | a_reg[15]_i_2_n_0                                   | a_reg[15]_i_1_n_0                                               |                3 |             16 |
|  clk_IBUF_BUFG | fixed/E[0]                                          | rst_IBUF                                                        |                3 |             16 |
|  clk_IBUF_BUFG | fixed/z[15]_i_2_n_0                                 | fixed/z[15]_i_1_n_0                                             |                6 |             16 |
|  clk_IBUF_BUFG |                                                     | Drive_OLED_Screen/delay_comp/clk_counter__0                     |                5 |             17 |
|  clk_IBUF_BUFG |                                                     | Initialize/delay_comp/clk_counter__0                            |                5 |             17 |
|  clk_IBUF_BUFG |                                                     |                                                                 |                9 |             19 |
|  clk_IBUF_BUFG | Drive_OLED_Screen/current_screen[3,6]               | Drive_OLED_Screen/current_screen[0,3][6]_i_1_n_0                |                4 |             24 |
|  clk_IBUF_BUFG | fixed/z_reg_6[53]_i_1_n_0                           |                                                                 |                9 |             45 |
|  clk_IBUF_BUFG | fixed/z_reg_5[57]_i_1_n_0                           |                                                                 |               10 |             45 |
|  clk_IBUF_BUFG | fixed/z_reg_4[44]_i_1_n_0                           |                                                                 |               13 |             45 |
|  clk_IBUF_BUFG | fixed/z_reg_3[65]_i_1_n_0                           |                                                                 |               12 |             45 |
|  clk_IBUF_BUFG | fixed/z_reg_1[63]_i_1_n_0                           |                                                                 |               12 |             56 |
|  clk_IBUF_BUFG | fixed/z_reg_2[63]_i_1_n_0                           |                                                                 |               11 |             60 |
|  clk_IBUF_BUFG | fixed/z_reg_7[127]_i_1_n_0                          |                                                                 |               15 |             60 |
|  clk_IBUF_BUFG | fixed/z_reg_9[63]_i_1_n_0                           |                                                                 |               17 |             64 |
|  clk_IBUF_BUFG | fixed/z_reg_0[63]_i_1_n_0                           |                                                                 |               20 |             64 |
|  clk_IBUF_BUFG | fixed/z_reg_8[127]_i_1_n_0                          |                                                                 |               32 |            128 |
+----------------+-----------------------------------------------------+-----------------------------------------------------------------+------------------+----------------+


+--------+-----------------------+
| Fanout | Number of ControlSets |
+--------+-----------------------+
| 1      |                     2 |
| 3      |                     2 |
| 4      |                     6 |
| 5      |                     9 |
| 6      |                     1 |
| 7      |                     2 |
| 8      |                     1 |
| 10     |                     1 |
| 12     |                     2 |
| 16+    |                    17 |
+--------+-----------------------+


